../Core/Src/main.c:121:6:check_keys	24	static
../Core/Src/main.c:171:5:main	64	static
../Core/Src/main.c:338:6:poll_keypad	8	static
../Core/Src/main.c:366:6:SystemClock_Config	88	static
../Core/Src/main.c:413:13:MX_DAC_Init	16	static
../Core/Src/main.c:453:13:MX_TIM5_Init	32	static
../Core/Src/main.c:498:13:MX_TIM6_Init	16	static
../Core/Src/main.c:536:13:MX_TIM7_Init	16	static
../Core/Src/main.c:574:13:MX_USART3_UART_Init	8	static
../Core/Src/main.c:607:13:MX_USB_OTG_FS_PCD_Init	8	static
../Core/Src/main.c:640:13:MX_DMA_Init	16	static
../Core/Src/main.c:658:13:MX_GPIO_Init	56	static
../Core/Src/main.c:742:6:Error_Handler	4	static,ignoring_inline_asm
