../Core/Src/main.c:123:5:main	64	static
../Core/Src/main.c:277:6:poll_keypad	8	static
../Core/Src/main.c:305:6:SystemClock_Config	88	static
../Core/Src/main.c:352:13:MX_DAC_Init	16	static
../Core/Src/main.c:392:13:MX_TIM5_Init	32	static
../Core/Src/main.c:437:13:MX_TIM6_Init	16	static
../Core/Src/main.c:475:13:MX_TIM7_Init	16	static
../Core/Src/main.c:513:13:MX_USART3_UART_Init	8	static
../Core/Src/main.c:546:13:MX_USB_OTG_FS_PCD_Init	8	static
../Core/Src/main.c:579:13:MX_DMA_Init	16	static
../Core/Src/main.c:597:13:MX_GPIO_Init	56	static
../Core/Src/main.c:681:6:Error_Handler	4	static,ignoring_inline_asm
