../Core/Src/stm32f4xx_it.c:77:6:NMI_Handler	4	static
../Core/Src/stm32f4xx_it.c:92:6:HardFault_Handler	4	static
../Core/Src/stm32f4xx_it.c:107:6:MemManage_Handler	4	static
../Core/Src/stm32f4xx_it.c:122:6:BusFault_Handler	4	static
../Core/Src/stm32f4xx_it.c:137:6:UsageFault_Handler	4	static
../Core/Src/stm32f4xx_it.c:152:6:SVC_Handler	4	static
../Core/Src/stm32f4xx_it.c:165:6:DebugMon_Handler	4	static
../Core/Src/stm32f4xx_it.c:178:6:PendSV_Handler	4	static
../Core/Src/stm32f4xx_it.c:191:6:SysTick_Handler	8	static
../Core/Src/stm32f4xx_it.c:212:6:EXTI4_IRQHandler	8	static
../Core/Src/stm32f4xx_it.c:228:6:EXTI9_5_IRQHandler	8	static
../Core/Src/stm32f4xx_it.c:249:6:EXTI15_10_IRQHandler	8	static
../Core/Src/stm32f4xx_it.c:271:6:TIM6_DAC_IRQHandler	8	static
../Core/Src/stm32f4xx_it.c:285:6:TIM7_IRQHandler	8	static
../Core/Src/stm32f4xx_it.c:299:6:DMA2_Stream0_IRQHandler	8	static
